<html>
<body>
<pre>
<h1>µVision Build Log</h1>
<h2>Tool Versions:</h2>
IDE-Version: ¦ÌVision V5.24.2.0
Copyright (C) 2017 ARM Ltd and ARM Germany GmbH. All rights reserved.
License Information: rfg fsfsf, sdfsdfg, LIC=BL2VE-5VH76-9XJUW-QT9L3-9GM9P-157Z9
 
Tool Versions:
Toolchain:       MDK-ARM Professional  Version: 5.24.1
Toolchain Path:  C:\Keil_v5\ARM\ARMCC\Bin
C Compiler:      Armcc.exe V5.06 update 5 (build 528)
Assembler:       Armasm.exe V5.06 update 5 (build 528)
Linker/Locator:  ArmLink.exe V5.06 update 5 (build 528)
Library Manager: ArmAr.exe V5.06 update 5 (build 528)
Hex Converter:   FromElf.exe V5.06 update 5 (build 528)
CPU DLL:         SARMCM3.DLL V5.24.1
Dialog DLL:      DCM.DLL V1.16.0.0
Target DLL:      STLink\ST-LINKIII-KEIL_SWO.dll V3.0.1.0
Dialog DLL:      TCM.DLL V1.32.0.0
 
<h2>Project:</h2>
D:\°®Ë¾¿­ÏîÄ¿\MicroEdm\project\template.uvprojx
Project File Date:  02/17/2019

<h2>Output:</h2>
*** Using Compiler 'V5.06 update 5 (build 528)', folder: 'C:\Keil_v5\ARM\ARMCC\Bin'
Build target 'template'
compiling app.c...
..\APP\app.c(108): warning:  #223-D: function "MemSet" declared implicitly
  			MemSet(m_z_motor_analy, 0, sizeof(m_z_motor_analy));
..\APP\app.c(181): warning:  #177-D: variable "m_read_cBuf"  was declared but never referenced
  		char m_read_cBuf;
..\APP\app.c(28): warning:  #177-D: variable "motor_find_zero_task_stk"  was declared but never referenced
  static OS_STK motor_find_zero_task_stk[MOTOR_FIND_ZERO_STK_SIZE]; 
..\APP\app.c(146): warning:  #177-D: function "i2c_delay_us"  was declared but never referenced
  static void i2c_delay_us(u32 time)
..\APP\app.c: 4 warnings, 0 errors
linking...
Program Size: Code=28064 RO-data=624 RW-data=192 ZI-data=46352  
FromELF: creating hex file...
"..\output\theGodofFire.axf" - 0 Error(s), 4 Warning(s).

<h2>Software Packages used:</h2>

Package Vendor: ARM
                http://www.keil.com/pack/ARM.CMSIS.5.0.1.pack
                ARM.CMSIS.5.0.1
                CMSIS (Cortex Microcontroller Software Interface Standard)
   * Component: CORE Version: 5.0.1

Package Vendor: Keil
                http://www.keil.com/pack/Keil.STM32F1xx_DFP.2.3.0.pack
                Keil.STM32F1xx_DFP.2.3.0
                STMicroelectronics STM32F1 Series Device Support, Drivers and Examples

<h2>Collection of Component include folders:</h2>
  .\RTE\_template
  C:\Keil_v5\ARM\PACK\ARM\CMSIS\5.0.1\CMSIS\Include
  C:\Keil_v5\ARM\PACK\Keil\STM32F1xx_DFP\2.3.0\Device\Include

<h2>Collection of Component Files used:</h2>

   * Component: ARM::CMSIS:CORE:5.0.1
Build Time Elapsed:  00:00:01
</pre>
</body>
</html>
